******************************************************************************
                  MSP430 Linker PC v20.2.0                     
******************************************************************************
>> Linked Mon Jun  8 20:27:46 2020

OUTPUT FILE NAME:   <smart_green_house.out>
ENTRY POINT SYMBOL: "_c_int00_noargs"  address: 0000cc70


MEMORY CONFIGURATION

         name            origin    length      used     unused   attr    fill
----------------------  --------  ---------  --------  --------  ----  --------
  SFR                   00000000   00000010  00000000  00000010  RWIX
  PERIPHERALS_8BIT      00000010   000000f0  00000000  000000f0  RWIX
  PERIPHERALS_16BIT     00000100   00000100  00000000  00000100  RWIX
  RAM                   00000200   00000200  000001ea  00000016  RWIX
  INFOD                 00001000   00000040  00000000  00000040  RWIX
  INFOC                 00001040   00000040  00000000  00000040  RWIX
  INFOB                 00001080   00000040  00000000  00000040  RWIX
  INFOA                 000010c0   00000040  00000000  00000040  RWIX
  FLASH                 0000c000   00003fde  00000df8  000031e6  RWIX
  BSLSIGNATURE          0000ffde   00000002  00000002  00000000  RWIX  ffff 
  INT00                 0000ffe0   00000002  00000002  00000000  RWIX
  INT01                 0000ffe2   00000002  00000000  00000002  RWIX
  INT02                 0000ffe4   00000002  00000002  00000000  RWIX
  INT03                 0000ffe6   00000002  00000002  00000000  RWIX
  INT04                 0000ffe8   00000002  00000000  00000002  RWIX
  INT05                 0000ffea   00000002  00000002  00000000  RWIX
  INT06                 0000ffec   00000002  00000002  00000000  RWIX
  INT07                 0000ffee   00000002  00000002  00000000  RWIX
  INT08                 0000fff0   00000002  00000002  00000000  RWIX
  INT09                 0000fff2   00000002  00000002  00000000  RWIX
  INT10                 0000fff4   00000002  00000002  00000000  RWIX
  INT11                 0000fff6   00000002  00000002  00000000  RWIX
  INT12                 0000fff8   00000002  00000002  00000000  RWIX
  INT13                 0000fffa   00000002  00000002  00000000  RWIX
  INT14                 0000fffc   00000002  00000002  00000000  RWIX
  RESET                 0000fffe   00000002  00000002  00000000  RWIX


SECTION ALLOCATION MAP

 output                                  attributes/
section   page    origin      length       input sections
--------  ----  ----------  ----------   ----------------
.data      0    00000000    000000fc     FAILED TO ALLOCATE
.bss       0    00000200    000000aa     UNINITIALIZED
                  00000200    000000a0     (.common:__TI_tmpnams)
                  000002a0    00000008     (.common:parmbuf)
                  000002a8    00000002     rts430_eabi.lib : memory.c.obj (.bss)

.sysmem    0    00000000    00000140     FAILED TO ALLOCATE
.stack     0    000002c0    00000140     UNINITIALIZED
                  000002c0    00000002     rts430_eabi.lib : boot.c.obj (.stack)
                  000002c2    0000013e     --HOLE--

.text      0    0000c000    00000dbe     
                  0000c000    000000fa     rts430_eabi.lib : memory.c.obj (.text:aligned_alloc)
                  0000c0fa    000000ea                     : fputs.c.obj (.text:fputs)
                  0000c1e4    000000d2                     : memory.c.obj (.text:free)
                  0000c2b6    000000d0                     : setvbuf.c.obj (.text:setvbuf)
                  0000c386    00000088                     : hostlseek.c.obj (.text:HOSTlseek)
                  0000c40e    0000007c                     : copy_decompress_lzss.c.obj (.text:decompress:lzss:__TI_decompress_lzss)
                  0000c48a    0000007a                     : _io_perm.c.obj (.text:__TI_wrt_ok)
                  0000c504    00000072                     : fclose.c.obj (.text:__TI_closefile)
                  0000c576    00000070                     : fseek.c.obj (.text:fseek)
                  0000c5e6    0000006a                     : hostrename.c.obj (.text:HOSTrename)
                  0000c650    00000068                     : memory.c.obj (.text:split)
                  0000c6b8    00000066                     : hostopen.c.obj (.text:HOSTopen)
                  0000c71e    00000062                     : hostwrite.c.obj (.text:HOSTwrite)
                  0000c780    00000062                     : fflush.c.obj (.text:__TI_doflush)
                  0000c7e2    00000060                     : hostread.c.obj (.text:HOSTread)
                  0000c842    00000058                     : getdevice.c.obj (.text:getdevice)
                  0000c89a    0000004c                     : lsr16.asm.obj (.text)
                  0000c8e6    0000004a                     : close.c.obj (.text:close)
                  0000c930    00000044                     : hostclose.c.obj (.text:HOSTclose)
                  0000c974    00000044                     : exit.c.obj (.text:exit)
                  0000c9b8    00000042                     : autoinit.c.obj (.text:__TI_auto_init_nobinit_nopinit:__TI_auto_init_nobinit_nopinit)
                  0000c9fa    00000040                     : hostunlink.c.obj (.text:HOSTunlink)
                  0000ca3a    0000003e                     : lsl32.asm.obj (.text:l_lsl_const)
                  0000ca78    00000034                     : fopen.c.obj (.text:__TI_cleanup)
                  0000caac    00000034                     : getdevice.c.obj (.text:finddevice)
                  0000cae0    0000002e                     : trgmsg.c.obj (.text:__TI_writemsg)
                  0000cb0e    0000002c                     : trgmsg.c.obj (.text:__TI_readmsg)
                  0000cb3a    0000002c                     : lsl16.asm.obj (.text)
                  0000cb66    0000002c                     : strncpy.c.obj (.text:strncpy)
                  0000cb92    00000028                     : memory.c.obj (.text:free_list_insert)
                  0000cbba    00000028                     : unlink.c.obj (.text:unlink)
                  0000cbe2    00000026                     : lseek.c.obj (.text:lseek)
                  0000cc08    00000024                     : write.c.obj (.text:write)
                  0000cc2c    00000022     main.obj (.text:TIMER1_A0_ISR)
                  0000cc4e    00000022     rts430_eabi.lib : fputs.c.obj (.text:puts)
                  0000cc70    0000001c                     : boot.c.obj (.text:_c_int00_noargs)
                  0000cc8c    0000001c                     : memory.c.obj (.text:free_list_remove)
                  0000cca8    0000001a                     : strchr.c.obj (.text:strchr)
                  0000ccc2    00000018                     : strcmp.c.obj (.text:strcmp)
                  0000ccda    00000014     main.obj (.text:clock_init)
                  0000ccee    00000014     rts430_eabi.lib : copy_zero_init.c.obj (.text:decompress:ZI:__TI_zero_init_nomemset:__TI_zero_init_nomemset)
                  0000cd02    00000014                     : memchr.c.obj (.text:memchr)
                  0000cd16    00000014     main.obj (.text:timer_init)
                  0000cd2a    00000012     rts430_eabi.lib : copy_decompress_none.c.obj (.text:decompress:none:__TI_decompress_none)
                  0000cd3c    00000012     main.obj (.text:main)
                  0000cd4e    00000012     rts430_eabi.lib : memcpy.c.obj (.text:memcpy)
                  0000cd60    00000010                     : epilog.asm.obj (.text)
                  0000cd70    00000010                     : strcpy.c.obj (.text:strcpy)
                  0000cd80    0000000e                     : strlen.c.obj (.text:strlen)
                  0000cd8e    0000000c     main.obj (.text:interruptions_init)
                  0000cd9a    00000008     rts430_eabi.lib : isr_trap.asm.obj (.text:_isr:__TI_ISR_TRAP)
                  0000cda2    00000008                     : memory.c.obj (.text:malloc)
                  0000cdaa    00000006                     : exit.c.obj (.text:abort)
                  0000cdb0    00000006     main.obj (.text:gpio_init)
                  0000cdb6    00000004     rts430_eabi.lib : pre_init.c.obj (.text:_system_pre_init)
                  0000cdba    00000002                     : _lock.c.obj (.text:_nop)
                  0000cdbc    00000002                     : startup.c.obj (.text:_system_post_cinit)

.const     0    0000cdbe    00000002     
                  0000cdbe    00000002     rts430_eabi.lib : fputs.c.obj (.const:.string)

.cinit     0    0000cdc0    00000038     
                  0000cdc0    00000026     (.cinit..data.load) [load image, compression = lzss]
                  0000cde6    00000006     (__TI_handler_table)
                  0000cdec    00000004     (.cinit..bss.load) [load image, compression = zero_init]
                  0000cdf0    00000008     (__TI_cinit_table)

.cio       0    00000000    00000120     FAILED TO ALLOCATE
.binit     0    0000c000    00000000     

.init_array 
*          0    0000c000    00000000     UNINITIALIZED

TRAPINT    0    0000ffe0    00000002     
                  0000ffe0    00000002     rts430_eabi.lib : int00.asm.obj (.int00)

PORT1      0    0000ffe4    00000002     
                  0000ffe4    00000002     rts430_eabi.lib : int02.asm.obj (.int02)

PORT2      0    0000ffe6    00000002     
                  0000ffe6    00000002     rts430_eabi.lib : int03.asm.obj (.int03)

ADC10      0    0000ffea    00000002     
                  0000ffea    00000002     rts430_eabi.lib : int05.asm.obj (.int05)

USCIAB0TX 
*          0    0000ffec    00000002     
                  0000ffec    00000002     rts430_eabi.lib : int06.asm.obj (.int06)

USCIAB0RX 
*          0    0000ffee    00000002     
                  0000ffee    00000002     rts430_eabi.lib : int07.asm.obj (.int07)

TIMER0_A1 
*          0    0000fff0    00000002     
                  0000fff0    00000002     rts430_eabi.lib : int08.asm.obj (.int08)

TIMER0_A0 
*          0    0000fff2    00000002     
                  0000fff2    00000002     rts430_eabi.lib : int09.asm.obj (.int09)

WDT        0    0000fff4    00000002     
                  0000fff4    00000002     rts430_eabi.lib : int10.asm.obj (.int10)

COMPARATORA 
*          0    0000fff6    00000002     
                  0000fff6    00000002     rts430_eabi.lib : int11.asm.obj (.int11)

TIMER1_A1 
*          0    0000fff8    00000002     
                  0000fff8    00000002     rts430_eabi.lib : int12.asm.obj (.int12)

TIMER1_A0 
*          0    0000fffa    00000002     
                  0000fffa    00000002     main.obj (.int13)

NMI        0    0000fffc    00000002     
                  0000fffc    00000002     rts430_eabi.lib : int14.asm.obj (.int14)

.reset     0    0000fffe    00000002     
                  0000fffe    00000002     rts430_eabi.lib : boot.c.obj (.reset)

$fill000   0    0000ffde    00000002     
                  0000ffde    00000002     --HOLE-- [fill = ffff]

MODULE SUMMARY

       Module                       code   ro data   rw data
       ------                       ----   -------   -------
    .\
       main.obj                     110    2         0      
    +--+----------------------------+------+---------+---------+
       Total:                       110    2         0      
                                                            
    C:\ti\ccs1000\ccs\tools\compiler\ti-cgt-msp430_20.2.0.LTS\lib\rts430_eabi.lib
       memory.c.obj                 640    0         2      
       fputs.c.obj                  268    2         0      
       setvbuf.c.obj                208    0         0      
       defs.c.obj                   0      0         160    
       getdevice.c.obj              140    0         0      
       hostlseek.c.obj              136    0         0      
       copy_decompress_lzss.c.obj   124    0         0      
       _io_perm.c.obj               122    0         0      
       fclose.c.obj                 114    0         0      
       fseek.c.obj                  112    0         0      
       hostopen.c.obj               102    0         8      
       hostrename.c.obj             106    0         0      
       fflush.c.obj                 98     0         0      
       hostwrite.c.obj              98     0         0      
       hostread.c.obj               96     0         0      
       trgmsg.c.obj                 90     0         0      
       lsr16.asm.obj                76     0         0      
       close.c.obj                  74     0         0      
       exit.c.obj                   74     0         0      
       hostclose.c.obj              68     0         0      
       autoinit.c.obj               66     0         0      
       hostunlink.c.obj             64     0         0      
       lsl32.asm.obj                62     0         0      
       fopen.c.obj                  52     0         0      
       lsl16.asm.obj                44     0         0      
       strncpy.c.obj                44     0         0      
       unlink.c.obj                 40     0         0      
       lseek.c.obj                  38     0         0      
       write.c.obj                  36     0         0      
       boot.c.obj                   28     2         0      
       strchr.c.obj                 26     0         0      
       strcmp.c.obj                 24     0         0      
       copy_zero_init.c.obj         20     0         0      
       memchr.c.obj                 20     0         0      
       copy_decompress_none.c.obj   18     0         0      
       memcpy.c.obj                 18     0         0      
       epilog.asm.obj               16     0         0      
       strcpy.c.obj                 16     0         0      
       strlen.c.obj                 14     0         0      
       isr_trap.asm.obj             8      0         0      
       pre_init.c.obj               4      0         0      
       _lock.c.obj                  2      0         0      
       int00.asm.obj                0      2         0      
       int02.asm.obj                0      2         0      
       int03.asm.obj                0      2         0      
       int05.asm.obj                0      2         0      
       int06.asm.obj                0      2         0      
       int07.asm.obj                0      2         0      
       int08.asm.obj                0      2         0      
       int09.asm.obj                0      2         0      
       int10.asm.obj                0      2         0      
       int11.asm.obj                0      2         0      
       int12.asm.obj                0      2         0      
       int14.asm.obj                0      2         0      
       startup.c.obj                2      0         0      
    +--+----------------------------+------+---------+---------+
       Total:                       3408   28        170    
                                                            
       Stack:                       0      0         320    
       Linker Generated:            0      56        0      
    +--+----------------------------+------+---------+---------+
       Grand Total:                 3518   86        490    


LINKER GENERATED COPY TABLES

__TI_cinit_table @ 0000cdf0 records: 2, size/record: 4, table size: 8
	.data: load addr=0000cdc0, load size=00000026 bytes, run addr=00000000, run size=000000fc bytes, compression=lzss
	.bss: load addr=0000cdec, load size=00000004 bytes, run addr=00000200, run size=000000aa bytes, compression=zero_init


LINKER GENERATED HANDLER TABLE

__TI_handler_table @ 0000cde6 records: 3, size/record: 2, table size: 6
	index: 0, handler: __TI_zero_init
	index: 1, handler: __TI_decompress_lzss
	index: 2, handler: __TI_decompress_none


GLOBAL SYMBOLS: SORTED ALPHABETICALLY BY Name 

address   name                           
-------   ----                           
0000004a  ADC10AE0                       
000001b0  ADC10CTL0                      
000001b2  ADC10CTL1                      
00000048  ADC10DTC0                      
00000049  ADC10DTC1                      
000001b4  ADC10MEM                       
000001bc  ADC10SA                        
00000057  BCSCTL1                        
00000058  BCSCTL2                        
00000053  BCSCTL3                        
0000cdaa  C$$EXIT                        
0000cb0a  C$$IO$$                        
00000059  CACTL1                         
0000005a  CACTL2                         
000010fb  CALBC1_12MHZ                   
000010f9  CALBC1_16MHZ                   
000010ff  CALBC1_1MHZ                    
000010fd  CALBC1_8MHZ                    
000010fa  CALDCO_12MHZ                   
000010f8  CALDCO_16MHZ                   
000010fe  CALDCO_1MHZ                    
000010fc  CALDCO_8MHZ                    
0000005b  CAPD                           
00000056  DCOCTL                         
00000128  FCTL1                          
0000012a  FCTL2                          
0000012c  FCTL3                          
0000c930  HOSTclose                      
0000c386  HOSTlseek                      
0000c6b8  HOSTopen                       
0000c7e2  HOSTread                       
0000c5e6  HOSTrename                     
0000c9fa  HOSTunlink                     
0000c71e  HOSTwrite                      
00000000  IE1                            
00000001  IE2                            
00000002  IFG1                           
00000003  IFG2                           
00000022  P1DIR                          
00000025  P1IE                           
00000024  P1IES                          
00000023  P1IFG                          
00000020  P1IN                           
00000021  P1OUT                          
00000027  P1REN                          
00000026  P1SEL                          
00000041  P1SEL2                         
0000002a  P2DIR                          
0000002d  P2IE                           
0000002c  P2IES                          
0000002b  P2IFG                          
00000028  P2IN                           
00000029  P2OUT                          
0000002f  P2REN                          
0000002e  P2SEL                          
00000042  P2SEL2                         
0000001a  P3DIR                          
00000018  P3IN                           
00000019  P3OUT                          
00000010  P3REN                          
0000001b  P3SEL                          
00000043  P3SEL2                         
00000172  TA0CCR0                        
00000174  TA0CCR1                        
00000176  TA0CCR2                        
00000162  TA0CCTL0                       
00000164  TA0CCTL1                       
00000166  TA0CCTL2                       
00000160  TA0CTL                         
0000012e  TA0IV                          
00000170  TA0R                           
00000192  TA1CCR0                        
00000194  TA1CCR1                        
00000196  TA1CCR2                        
00000182  TA1CCTL0                       
00000184  TA1CCTL1                       
00000186  TA1CCTL2                       
00000180  TA1CTL                         
0000011e  TA1IV                          
00000190  TA1R                           
0000cc2c  TIMER1_A0_ISR                  
000010db  TLV_ADC10_1_LEN                
000010da  TLV_ADC10_1_TAG                
000010c0  TLV_CHECKSUM                   
000010f7  TLV_DCO_30_LEN                 
000010f6  TLV_DCO_30_TAG                 
0000005d  UCA0ABCTL                      
00000062  UCA0BR0                        
00000063  UCA0BR1                        
00000060  UCA0CTL0                       
00000061  UCA0CTL1                       
0000005f  UCA0IRRCTL                     
0000005e  UCA0IRTCTL                     
00000064  UCA0MCTL                       
00000066  UCA0RXBUF                      
00000065  UCA0STAT                       
00000067  UCA0TXBUF                      
0000006a  UCB0BR0                        
0000006b  UCB0BR1                        
00000068  UCB0CTL0                       
00000069  UCB0CTL1                       
0000006c  UCB0I2CIE                      
00000118  UCB0I2COA                      
0000011a  UCB0I2CSA                      
0000006e  UCB0RXBUF                      
0000006d  UCB0STAT                       
0000006f  UCB0TXBUF                      
00000120  WDTCTL                         
00000000  _CIOBUF_                       
00000400  __STACK_END                    
00000140  __STACK_SIZE                   
00000140  __SYSMEM_SIZE                  
0000cdf0  __TI_CINIT_Base                
0000cdf8  __TI_CINIT_Limit               
0000cde6  __TI_Handler_Table_Base        
0000cdec  __TI_Handler_Table_Limit       
0000cd9a  __TI_ISR_TRAP                  
0000c9b8  __TI_auto_init_nobinit_nopinit 
0000ca78  __TI_cleanup                   
000000ee  __TI_cleanup_ptr               
0000c504  __TI_closefile                 
0000c40e  __TI_decompress_lzss           
0000cd2a  __TI_decompress_none           
0000c780  __TI_doflush                   
000000f0  __TI_dtors_ptr                 
000000f8  __TI_enable_exit_profile_output
000000f6  __TI_ft_end                    
0000ffe0  __TI_int00                     
0000ffe4  __TI_int02                     
0000ffe6  __TI_int03                     
0000ffea  __TI_int05                     
0000ffec  __TI_int06                     
0000ffee  __TI_int07                     
0000fff0  __TI_int08                     
0000fff2  __TI_int09                     
0000fff4  __TI_int10                     
0000fff6  __TI_int11                     
0000fff8  __TI_int12                     
0000fffa  __TI_int13                     
0000fffc  __TI_int14                     
ffffffff  __TI_pprof_out_hndl            
ffffffff  __TI_prof_data_size            
ffffffff  __TI_prof_data_start           
0000cb0e  __TI_readmsg                   
00000200  __TI_tmpnams                   
0000cae0  __TI_writemsg                  
0000c48a  __TI_wrt_ok                    
0000ccee  __TI_zero_init_nomemset        
ffffffff  __c_args__                     
0000cd6c  __mspabi_func_epilog_1         
0000cd6a  __mspabi_func_epilog_2         
0000cd68  __mspabi_func_epilog_3         
0000cd66  __mspabi_func_epilog_4         
0000cd64  __mspabi_func_epilog_5         
0000cd62  __mspabi_func_epilog_6         
0000cd60  __mspabi_func_epilog_7         
0000cb3a  __mspabi_slli                  
0000cb62  __mspabi_slli_1                
0000cb50  __mspabi_slli_10               
0000cb4e  __mspabi_slli_11               
0000cb4c  __mspabi_slli_12               
0000cb4a  __mspabi_slli_13               
0000cb48  __mspabi_slli_14               
0000cb46  __mspabi_slli_15               
0000cb60  __mspabi_slli_2                
0000cb5e  __mspabi_slli_3                
0000cb5c  __mspabi_slli_4                
0000cb5a  __mspabi_slli_5                
0000cb58  __mspabi_slli_6                
0000cb56  __mspabi_slli_7                
0000cb54  __mspabi_slli_8                
0000cb52  __mspabi_slli_9                
0000ca72  __mspabi_slll_1                
0000ca4e  __mspabi_slll_10               
0000ca4a  __mspabi_slll_11               
0000ca46  __mspabi_slll_12               
0000ca42  __mspabi_slll_13               
0000ca3e  __mspabi_slll_14               
0000ca3a  __mspabi_slll_15               
0000ca6e  __mspabi_slll_2                
0000ca6a  __mspabi_slll_3                
0000ca66  __mspabi_slll_4                
0000ca62  __mspabi_slll_5                
0000ca5e  __mspabi_slll_6                
0000ca5a  __mspabi_slll_7                
0000ca56  __mspabi_slll_8                
0000ca52  __mspabi_slll_9                
0000c89a  __mspabi_srli                  
0000c8e0  __mspabi_srli_1                
0000c8bc  __mspabi_srli_10               
0000c8b8  __mspabi_srli_11               
0000c8b4  __mspabi_srli_12               
0000c8b0  __mspabi_srli_13               
0000c8ac  __mspabi_srli_14               
0000c8a8  __mspabi_srli_15               
0000c8dc  __mspabi_srli_2                
0000c8d8  __mspabi_srli_3                
0000c8d4  __mspabi_srli_4                
0000c8d0  __mspabi_srli_5                
0000c8cc  __mspabi_srli_6                
0000c8c8  __mspabi_srli_7                
0000c8c4  __mspabi_srli_8                
0000c8c0  __mspabi_srli_9                
0000cc70  _c_int00_noargs                
00000078  _device                        
00000000  _ftable                        
000000f2  _lock                          
0000cdba  _nop                           
0000fffe  _reset_vector                  
000002c0  _stack                         
000000c6  _stream                        
00000000  _sys_memory                    
0000cdbc  _system_post_cinit             
0000cdb6  _system_pre_init               
000000f4  _unlock                        
0000cdaa  abort                          
0000c000  aligned_alloc                  
0000ccda  clock_init                     
0000c8e6  close                          
0000c974  exit                           
0000caac  finddevice                     
0000c0fa  fputs                          
0000c1e4  free                           
0000c576  fseek                          
0000c842  getdevice                      
0000cdb0  gpio_init                      
0000cd8e  interruptions_init             
0000cbe2  lseek                          
0000cd3c  main                           
0000cda2  malloc                         
0000c000  memalign                       
0000cd02  memchr                         
0000cd4e  memcpy                         
000002a0  parmbuf                        
0000cc4e  puts                           
0000cbba  remove                         
0000c2b6  setvbuf                        
0000cca8  strchr                         
0000ccc2  strcmp                         
0000cd70  strcpy                         
0000cd80  strlen                         
0000cb66  strncpy                        
0000cd16  timer_init                     
0000cbba  unlink                         
0000cc08  write                          


GLOBAL SYMBOLS: SORTED BY Symbol Address 

address   name                           
-------   ----                           
00000000  IE1                            
00000000  _CIOBUF_                       
00000000  _ftable                        
00000000  _sys_memory                    
00000001  IE2                            
00000002  IFG1                           
00000003  IFG2                           
00000010  P3REN                          
00000018  P3IN                           
00000019  P3OUT                          
0000001a  P3DIR                          
0000001b  P3SEL                          
00000020  P1IN                           
00000021  P1OUT                          
00000022  P1DIR                          
00000023  P1IFG                          
00000024  P1IES                          
00000025  P1IE                           
00000026  P1SEL                          
00000027  P1REN                          
00000028  P2IN                           
00000029  P2OUT                          
0000002a  P2DIR                          
0000002b  P2IFG                          
0000002c  P2IES                          
0000002d  P2IE                           
0000002e  P2SEL                          
0000002f  P2REN                          
00000041  P1SEL2                         
00000042  P2SEL2                         
00000043  P3SEL2                         
00000048  ADC10DTC0                      
00000049  ADC10DTC1                      
0000004a  ADC10AE0                       
00000053  BCSCTL3                        
00000056  DCOCTL                         
00000057  BCSCTL1                        
00000058  BCSCTL2                        
00000059  CACTL1                         
0000005a  CACTL2                         
0000005b  CAPD                           
0000005d  UCA0ABCTL                      
0000005e  UCA0IRTCTL                     
0000005f  UCA0IRRCTL                     
00000060  UCA0CTL0                       
00000061  UCA0CTL1                       
00000062  UCA0BR0                        
00000063  UCA0BR1                        
00000064  UCA0MCTL                       
00000065  UCA0STAT                       
00000066  UCA0RXBUF                      
00000067  UCA0TXBUF                      
00000068  UCB0CTL0                       
00000069  UCB0CTL1                       
0000006a  UCB0BR0                        
0000006b  UCB0BR1                        
0000006c  UCB0I2CIE                      
0000006d  UCB0STAT                       
0000006e  UCB0RXBUF                      
0000006f  UCB0TXBUF                      
00000078  _device                        
000000c6  _stream                        
000000ee  __TI_cleanup_ptr               
000000f0  __TI_dtors_ptr                 
000000f2  _lock                          
000000f4  _unlock                        
000000f6  __TI_ft_end                    
000000f8  __TI_enable_exit_profile_output
00000118  UCB0I2COA                      
0000011a  UCB0I2CSA                      
0000011e  TA1IV                          
00000120  WDTCTL                         
00000128  FCTL1                          
0000012a  FCTL2                          
0000012c  FCTL3                          
0000012e  TA0IV                          
00000140  __STACK_SIZE                   
00000140  __SYSMEM_SIZE                  
00000160  TA0CTL                         
00000162  TA0CCTL0                       
00000164  TA0CCTL1                       
00000166  TA0CCTL2                       
00000170  TA0R                           
00000172  TA0CCR0                        
00000174  TA0CCR1                        
00000176  TA0CCR2                        
00000180  TA1CTL                         
00000182  TA1CCTL0                       
00000184  TA1CCTL1                       
00000186  TA1CCTL2                       
00000190  TA1R                           
00000192  TA1CCR0                        
00000194  TA1CCR1                        
00000196  TA1CCR2                        
000001b0  ADC10CTL0                      
000001b2  ADC10CTL1                      
000001b4  ADC10MEM                       
000001bc  ADC10SA                        
00000200  __TI_tmpnams                   
000002a0  parmbuf                        
000002c0  _stack                         
00000400  __STACK_END                    
000010c0  TLV_CHECKSUM                   
000010da  TLV_ADC10_1_TAG                
000010db  TLV_ADC10_1_LEN                
000010f6  TLV_DCO_30_TAG                 
000010f7  TLV_DCO_30_LEN                 
000010f8  CALDCO_16MHZ                   
000010f9  CALBC1_16MHZ                   
000010fa  CALDCO_12MHZ                   
000010fb  CALBC1_12MHZ                   
000010fc  CALDCO_8MHZ                    
000010fd  CALBC1_8MHZ                    
000010fe  CALDCO_1MHZ                    
000010ff  CALBC1_1MHZ                    
0000c000  aligned_alloc                  
0000c000  memalign                       
0000c0fa  fputs                          
0000c1e4  free                           
0000c2b6  setvbuf                        
0000c386  HOSTlseek                      
0000c40e  __TI_decompress_lzss           
0000c48a  __TI_wrt_ok                    
0000c504  __TI_closefile                 
0000c576  fseek                          
0000c5e6  HOSTrename                     
0000c6b8  HOSTopen                       
0000c71e  HOSTwrite                      
0000c780  __TI_doflush                   
0000c7e2  HOSTread                       
0000c842  getdevice                      
0000c89a  __mspabi_srli                  
0000c8a8  __mspabi_srli_15               
0000c8ac  __mspabi_srli_14               
0000c8b0  __mspabi_srli_13               
0000c8b4  __mspabi_srli_12               
0000c8b8  __mspabi_srli_11               
0000c8bc  __mspabi_srli_10               
0000c8c0  __mspabi_srli_9                
0000c8c4  __mspabi_srli_8                
0000c8c8  __mspabi_srli_7                
0000c8cc  __mspabi_srli_6                
0000c8d0  __mspabi_srli_5                
0000c8d4  __mspabi_srli_4                
0000c8d8  __mspabi_srli_3                
0000c8dc  __mspabi_srli_2                
0000c8e0  __mspabi_srli_1                
0000c8e6  close                          
0000c930  HOSTclose                      
0000c974  exit                           
0000c9b8  __TI_auto_init_nobinit_nopinit 
0000c9fa  HOSTunlink                     
0000ca3a  __mspabi_slll_15               
0000ca3e  __mspabi_slll_14               
0000ca42  __mspabi_slll_13               
0000ca46  __mspabi_slll_12               
0000ca4a  __mspabi_slll_11               
0000ca4e  __mspabi_slll_10               
0000ca52  __mspabi_slll_9                
0000ca56  __mspabi_slll_8                
0000ca5a  __mspabi_slll_7                
0000ca5e  __mspabi_slll_6                
0000ca62  __mspabi_slll_5                
0000ca66  __mspabi_slll_4                
0000ca6a  __mspabi_slll_3                
0000ca6e  __mspabi_slll_2                
0000ca72  __mspabi_slll_1                
0000ca78  __TI_cleanup                   
0000caac  finddevice                     
0000cae0  __TI_writemsg                  
0000cb0a  C$$IO$$                        
0000cb0e  __TI_readmsg                   
0000cb3a  __mspabi_slli                  
0000cb46  __mspabi_slli_15               
0000cb48  __mspabi_slli_14               
0000cb4a  __mspabi_slli_13               
0000cb4c  __mspabi_slli_12               
0000cb4e  __mspabi_slli_11               
0000cb50  __mspabi_slli_10               
0000cb52  __mspabi_slli_9                
0000cb54  __mspabi_slli_8                
0000cb56  __mspabi_slli_7                
0000cb58  __mspabi_slli_6                
0000cb5a  __mspabi_slli_5                
0000cb5c  __mspabi_slli_4                
0000cb5e  __mspabi_slli_3                
0000cb60  __mspabi_slli_2                
0000cb62  __mspabi_slli_1                
0000cb66  strncpy                        
0000cbba  remove                         
0000cbba  unlink                         
0000cbe2  lseek                          
0000cc08  write                          
0000cc2c  TIMER1_A0_ISR                  
0000cc4e  puts                           
0000cc70  _c_int00_noargs                
0000cca8  strchr                         
0000ccc2  strcmp                         
0000ccda  clock_init                     
0000ccee  __TI_zero_init_nomemset        
0000cd02  memchr                         
0000cd16  timer_init                     
0000cd2a  __TI_decompress_none           
0000cd3c  main                           
0000cd4e  memcpy                         
0000cd60  __mspabi_func_epilog_7         
0000cd62  __mspabi_func_epilog_6         
0000cd64  __mspabi_func_epilog_5         
0000cd66  __mspabi_func_epilog_4         
0000cd68  __mspabi_func_epilog_3         
0000cd6a  __mspabi_func_epilog_2         
0000cd6c  __mspabi_func_epilog_1         
0000cd70  strcpy                         
0000cd80  strlen                         
0000cd8e  interruptions_init             
0000cd9a  __TI_ISR_TRAP                  
0000cda2  malloc                         
0000cdaa  C$$EXIT                        
0000cdaa  abort                          
0000cdb0  gpio_init                      
0000cdb6  _system_pre_init               
0000cdba  _nop                           
0000cdbc  _system_post_cinit             
0000cde6  __TI_Handler_Table_Base        
0000cdec  __TI_Handler_Table_Limit       
0000cdf0  __TI_CINIT_Base                
0000cdf8  __TI_CINIT_Limit               
0000ffe0  __TI_int00                     
0000ffe4  __TI_int02                     
0000ffe6  __TI_int03                     
0000ffea  __TI_int05                     
0000ffec  __TI_int06                     
0000ffee  __TI_int07                     
0000fff0  __TI_int08                     
0000fff2  __TI_int09                     
0000fff4  __TI_int10                     
0000fff6  __TI_int11                     
0000fff8  __TI_int12                     
0000fffa  __TI_int13                     
0000fffc  __TI_int14                     
0000fffe  _reset_vector                  
ffffffff  __TI_pprof_out_hndl            
ffffffff  __TI_prof_data_size            
ffffffff  __TI_prof_data_start           
ffffffff  __c_args__                     

[245 symbols]
